app/(brand)/brand/[slug]/procurement/page.tsx(273,106): error TS2551: Property 'supplierId' does not exist on type '{ name: string; id: string; category: { name: string; id: string; } | null; supplier: { name: string; id: string; } | null; outletId: string; description: string | null; sku: string; imageUrl: string | null; ... 4 more ...; recipeItems: { ...; }[]; }'. Did you mean 'supplier'?
app/(brand)/brand/[slug]/procurement/page.tsx(273,144): error TS2551: Property 'supplierId' does not exist on type '{ name: string; id: string; category: { name: string; id: string; } | null; supplier: { name: string; id: string; } | null; outletId: string; description: string | null; sku: string; imageUrl: string | null; ... 4 more ...; recipeItems: { ...; }[]; }'. Did you mean 'supplier'?
app/(outlet)/outlet/entries/page.tsx(284,112): error TS2339: Property 'cashInHand' does not exist on type '{ id: string; date: Date; cashSale: Decimal; bankSale: Decimal; swiggy: Decimal; zomato: Decimal; totalSale: Decimal; expenseCash: Decimal; expenseBank: Decimal; profit: Decimal; staff: { ...; }; }'.
app/(outlet)/outlet/purchase-orders/create/page.tsx(83,54): error TS2551: Property 'supplierId' does not exist on type '{ name: string; id: string; category: { name: string; id: string; } | null; supplier: { name: string; id: string; } | null; outletId: string; description: string | null; sku: string; imageUrl: string | null; ... 4 more ...; recipeItems: { ...; }[]; }'. Did you mean 'supplier'?
app/(super)/super/tenants/page.tsx(252,21): error TS2322: Type '({ _count: { users: number; outlets: number; }; } & { name: string; id: string; createdAt: Date; slug: string; logoUrl: string | null; primaryColor: string; isStockModule: boolean; features: JsonValue; ... 18 more ...; isPaymentDue: boolean; })[]' is not assignable to type 'Tenant[]'.
  Type '{ _count: { users: number; outlets: number; }; } & { name: string; id: string; createdAt: Date; slug: string; logoUrl: string | null; primaryColor: string; isStockModule: boolean; features: JsonValue; ... 18 more ...; isPaymentDue: boolean; }' is not assignable to type 'Tenant'.
    Types of property 'status' are incompatible.
      Type 'TenantStatus' is not assignable to type '"ACTIVE" | "SUSPENDED" | "PENDING"'.
        Type '"TRIAL"' is not assignable to type '"ACTIVE" | "SUSPENDED" | "PENDING"'.
components/procurement/useProcurement.ts(27,38): error TS2551: Property 'supplierId' does not exist on type '{ name: string; id: string; category: { name: string; id: string; } | null; supplier: { name: string; id: string; } | null; outletId: string; description: string | null; sku: string; imageUrl: string | null; ... 4 more ...; recipeItems: { ...; }[]; }'. Did you mean 'supplier'?
